// Jest Snapshot v1, https://goo.gl/fbAQLP

exports[`<PanelBody /> create panel body 1`] = `
<div
  className="fd-panel__body"
>
  Panel
</div>
`;
