// Jest Snapshot v1, https://goo.gl/fbAQLP

exports[`<PanelFooter /> create panel footer 1`] = `
<div
  className="fd-panel__footer"
>
  Panel Footer
</div>
`;
