// Jest Snapshot v1, https://goo.gl/fbAQLP

exports[`<PanelFilters /> create panel filters 1`] = `
<div
  className="fd-panel__filters"
>
  <div>
    Panel Filters
  </div>
  <br />
</div>
`;
