// Jest Snapshot v1, https://goo.gl/fbAQLP

exports[`<FormTextArea /> create form textarea 1`] = `
<textarea
  className="fd-form__control"
  id="textarea-2"
>
  Pellentesque metus lacus commodo eget justo ut rutrum varius nunc.
</textarea>
`;
