// Jest Snapshot v1, https://goo.gl/fbAQLP

exports[`<FormRadioItem /> create form radio item 1`] = `
<div
  className="fd-form__item fd-form__item--check"
>
  <label
    className="fd-form__label"
  >
    <input
      className="fd-form__control"
      id="radio-1"
      name="radio-group-1"
      type="radio"
      value="radio-1"
    />
    Option 1
  </label>
</div>
`;
